// Jest Snapshot v1, https://goo.gl/fbAQLP

exports[`request.js is match snapshot newsAPI? 1`] = `
Array [
  "Opinión",
  "Estados",
  "Cartones",
  "Mundo",
  "Empresas",
  "Colombia",
  "Internacionales",
  "Tecnología",
  "Gestión",
  "Deportes",
  "Judicial",
  "Entretenimiento",
  "Economía",
  "Arte e ideas",
  "Política",
  "Viral",
  "Santander",
  "Actualidad",
  "Autos",
  "Mercados",
]
`;
