// Jest Snapshot v1, https://goo.gl/fbAQLP

exports[`request.js is match snapshot newsAPI? 1`] = `
Array [
  "Opinión",
  "Estados",
  "Internacional",
  "Mundo curioso",
  "Cartones",
  "estados",
  "nación",
  "Mundo",
  "Bogota",
  "universal deportes",
  "Empresas",
  "Colombia",
  "Internacionales",
  "Tecnologia",
  "Tecnología",
  "Sector financiero",
  "Opinion",
  "Gestión",
  "Finanzas personales",
  "Kids",
  "Deportes",
  "mundo",
  "Judicial",
  "Área metropolitana",
  "Revista imef",
  "ciencia y salud",
  "Justicia",
  "cultura",
  "metrópoli",
  "cartera",
  "Entretenimiento",
  "Ciencia y tecnologia",
  "Economía",
  "Tendencias",
  "Arte e ideas",
  "Política",
  "espectáculos",
  "Nacional",
  "Economia",
  "Viral",
  "Santander",
  "Actualidad",
  "Autos",
  "Salud",
  "Mercados",
]
`;
