// Jest Snapshot v1, https://goo.gl/fbAQLP

exports[`<Article ...props/> matches the snap shot 1`] = `
<ContextProvider
  $news={
    Object {
      "image": "random",
      "title": "random",
    }
  }
>
  <HashRouter>
    <Router
      history={
        Object {
          "action": "POP",
          "block": [Function],
          "createHref": [Function],
          "go": [Function],
          "goBack": [Function],
          "goForward": [Function],
          "length": 1,
          "listen": [Function],
          "location": Object {
            "hash": "",
            "pathname": "/",
            "search": "",
            "state": undefined,
          },
          "push": [Function],
          "replace": [Function],
        }
      }
    >
      <ArticleStructure>
        <article
          className="post"
        >
          <section
            className="post__content"
          >
            <div
              className="post__content--headline"
            >
              <h1 />
            </div>
            <img
              className="post__content--image"
            />
            <div
              className="post__content--text"
            >
              <p>
                Lorem ipsum dolor sit amet, consectetur adipiscing elit. Lorem ipsum dolor sit amet, consectetur adipiscing elit. Donec in dui ultricies, tristique justo eu, ornare nisl. Phasellus accumsan vel justo eu volutpat. Mauris augue ipsum, accumsan non nisl ut, rutrum iaculis enim. Pellentesque risus est, mollis sed porttitor sed, efficitur quis enim. Etiam pulvinar lobortis lectus, nec dapibus ex cursus nec. Integer volutpat rutrum turpis ac viverra.
              </p>
              <br />
              <p>
                Lorem ipsum dolor sit amet, consectetur adipiscing elit. Lorem ipsum dolor sit amet, consectetur adipiscing elit. Donec in dui ultricies, tristique justo eu, ornare nisl. Phasellus accumsan vel justo eu volutpat. Mauris augue ipsum, accumsan non nisl ut, rutrum iaculis enim. Pellentesque risus est, mollis sed porttitor sed, efficitur quis enim. Etiam pulvinar lobortis lectus, nec dapibus ex cursus nec. Integer volutpat rutrum turpis ac viverra.
              </p>
              <br />
              <p>
                Sed eu tincidunt risus. Cras at lectus viverra, dictum erat nec, maximus ipsum. Aenean ante arcu, aliquam ut lacinia malesuada, pulvinar ac mi. Curabitur iaculis eu dolor nec consectetur. Aliquam semper volutpat diam, id faucibus leo aliquam id. Phasellus mattis in leo in bibendum. Ut aliquet velit purus, eu viverra eros aliquam sed. Vestibulum maximus turpis vel eros vestibulum, in pharetra dui vestibulum.
              </p>
            </div>
          </section>
          <DiscussionEmbed
            config={
              Object {
                "identifier": "",
                "language": "zh_TW",
                "title": "",
                "url": "",
              }
            }
            shortname="example"
          >
            <div
              config={
                Object {
                  "identifier": "",
                  "language": "zh_TW",
                  "title": "",
                  "url": "",
                }
              }
              id="disqus_thread"
              shortname="example"
            />
          </DiscussionEmbed>
        </article>
      </ArticleStructure>
    </Router>
  </HashRouter>
</ContextProvider>
`;
