// Jest Snapshot v1, https://goo.gl/fbAQLP

exports[`<Article ...props/> matches the snap shot 1`] = `
<ContextProvider
  $news={
    Object {
      "image": "random",
      "title": "random",
    }
  }
>
  <HashRouter>
    <Router
      history={
        Object {
          "action": "POP",
          "block": [Function],
          "createHref": [Function],
          "go": [Function],
          "goBack": [Function],
          "goForward": [Function],
          "length": 1,
          "listen": [Function],
          "location": Object {
            "hash": "",
            "pathname": "/",
            "search": "",
            "state": undefined,
          },
          "push": [Function],
          "replace": [Function],
        }
      }
    >
      <Article>
        <article
          className="post"
        >
          <section
            className="post__content"
          >
            <div
              className="post__content--headline"
            >
              <h1 />
            </div>
            <img
              className="post__content--image"
              src="https://encrypted-tbn0.gstatic.com/images?q=tbn%3AANd9GcR3OACZKecLGqNCdYg35qC4hY8ByncPpj_6MQ&usqp=CAU "
            />
            <div
              className="post__content--text"
            />
          </section>
          <DiscussionEmbed
            config={
              Object {
                "identifier": "",
                "language": "en",
                "title": "",
                "url": "",
              }
            }
            shortname="article"
          >
            <div
              config={
                Object {
                  "identifier": "",
                  "language": "en",
                  "title": "",
                  "url": "",
                }
              }
              id="disqus_thread"
              shortname="article"
            />
          </DiscussionEmbed>
        </article>
      </Article>
    </Router>
  </HashRouter>
</ContextProvider>
`;
