// Jest Snapshot v1, https://goo.gl/fbAQLP

exports[`<Footer /> matches the snap shot 1`] = `
<footer
  className="footer"
>
  <div
    className="footer__social"
  >
    <a
      aria-label="external link"
      aria-required="true"
      href="https://platzi.com/home"
      rel="noreferrer"
      target="_blank"
    >
      <img
        alt="Platzi"
        className="footer__social--icons"
        src="https://static.platzi.com/mf-landings/image/isotipoPlatzi-442ccc1186a9806e18c9889cc301ffe1.png"
      />
    </a>
    <a
      aria-label="external link"
      aria-required="true"
      href="https://github.com/Team-C5-cheaPlatzi"
      rel="noreferrer"
      target="_blank"
    >
      <img
        alt="GitHub"
        className="footer__social--icons"
        src="https://www.flaticon.es/svg/static/icons/svg/733/733609.svg"
      />
    </a>
    <a
      aria-label="external link"
      aria-required="true"
      href="https://www.notion.so/Team-master5-7-inc-News-Inc-project-7340af6d026b4eb8a3f0099888a890a6"
      rel="noreferrer"
      target="_blank"
    >
      <img
        alt="Notion"
        className="footer__social--icons"
        src="https://yt3.ggpht.com/a/AATXAJzPBXMraj8Xr2kYz3zAGBE8I4RbIRMHV1aY2Bu8dw=s88-c-k-c0x00ffffff-no-rj"
      />
    </a>
  </div>
  <Logo
    aria-label="logo"
    aria-required="true"
    className="footer__logo"
  />
  <div
    className="footer__subtitle"
  >
    <Link
      aria-label="internal link"
      aria-required="true"
      className="about-link"
      to="/about"
    >
      <h2>
        About
      </h2>
    </Link>
    <Link
      aria-label="internal link"
      aria-required="true"
      className="policy-link"
      to="/Privacy_Policy"
    >
      <h2>
        Privacy Policy
      </h2>
    </Link>
    <Link
      aria-label="internal link"
      aria-required="true"
      className="team-link"
      to="/team"
    >
      <h2>
        Team
      </h2>
    </Link>
  </div>
  <p
    aria-label="rights"
    aria-required="true"
    className="footer__comments"
  >
    2020 by Masters INC. Proudly created with React JS
  </p>
</footer>
`;
