// Jest Snapshot v1, https://goo.gl/fbAQLP

exports[`<Header /> shallow matches the snap shot 1`] = `
<header
  className="header"
>
  <nav
    className="nav"
  >
    <Link
      to="/"
    >
      <Logo
        className="nav__logo"
      />
    </Link>
    <ul
      className="nav__right"
    >
      <li
        className="nav__right--search"
      >
        <Search />
      </li>
      <li
        className="nav__right--menu"
      >
        <span
          id="arrow"
        >
          <Menu />
        </span>
      </li>
    </ul>
  </nav>
</header>
`;
