// Jest Snapshot v1, https://goo.gl/fbAQLP

exports[`<Header /> shallow matches the snap shot 1`] = `
<ContextProvider
  value={
    Object {
      "news": Object {
        "data": Array [
          Object {
            "images": "",
            "title": "",
          },
          Object {
            "images": "",
            "title": "",
          },
          Object {
            "images": "",
            "title": "",
          },
          Object {
            "images": "",
            "title": "",
          },
          Object {
            "images": "",
            "title": "",
          },
          Object {
            "images": "",
            "title": "",
          },
        ],
        "loading": true,
      },
      "setAction": [Function],
    }
  }
>
  <HashRouter>
    <Header />
  </HashRouter>
</ContextProvider>
`;
