// Jest Snapshot v1, https://goo.gl/fbAQLP

exports[`<Menu /> matches the snap shot 1`] = `
<ContextProvider>
  <HashRouter>
    <Router
      history={
        Object {
          "action": "POP",
          "block": [Function],
          "createHref": [Function],
          "go": [Function],
          "goBack": [Function],
          "goForward": [Function],
          "length": 1,
          "listen": [Function],
          "location": Object {
            "hash": "",
            "pathname": "/",
            "search": "",
            "state": undefined,
          },
          "push": [Function],
          "replace": [Function],
        }
      }
    >
      <Menu>
        <i
          className="fa fa-angle-down fa-4x"
          onClick={[Function]}
        />
        <div
          className="menu slide-left"
        >
          <ul
            className="menu__list"
          >
            <li
              className="menu__list-item"
              key="0"
            >
              <Link
                className="menu__list-link"
                onClick={[Function]}
                to="/"
              >
                <LinkAnchor
                  className="menu__list-link"
                  href="#/"
                  navigate={[Function]}
                  onClick={[Function]}
                >
                  <a
                    className="menu__list-link"
                    href="#/"
                    onClick={[Function]}
                  >
                    Opinión
                  </a>
                </LinkAnchor>
              </Link>
            </li>
            <li
              className="menu__list-item"
              key="1"
            >
              <Link
                className="menu__list-link"
                onClick={[Function]}
                to="/"
              >
                <LinkAnchor
                  className="menu__list-link"
                  href="#/"
                  navigate={[Function]}
                  onClick={[Function]}
                >
                  <a
                    className="menu__list-link"
                    href="#/"
                    onClick={[Function]}
                  >
                    Estados
                  </a>
                </LinkAnchor>
              </Link>
            </li>
            <li
              className="menu__list-item"
              key="2"
            >
              <Link
                className="menu__list-link"
                onClick={[Function]}
                to="/"
              >
                <LinkAnchor
                  className="menu__list-link"
                  href="#/"
                  navigate={[Function]}
                  onClick={[Function]}
                >
                  <a
                    className="menu__list-link"
                    href="#/"
                    onClick={[Function]}
                  >
                    Cartones
                  </a>
                </LinkAnchor>
              </Link>
            </li>
            <li
              className="menu__list-item"
              key="3"
            >
              <Link
                className="menu__list-link"
                onClick={[Function]}
                to="/"
              >
                <LinkAnchor
                  className="menu__list-link"
                  href="#/"
                  navigate={[Function]}
                  onClick={[Function]}
                >
                  <a
                    className="menu__list-link"
                    href="#/"
                    onClick={[Function]}
                  >
                    Mundo
                  </a>
                </LinkAnchor>
              </Link>
            </li>
            <li
              className="menu__list-item"
              key="4"
            >
              <Link
                className="menu__list-link"
                onClick={[Function]}
                to="/"
              >
                <LinkAnchor
                  className="menu__list-link"
                  href="#/"
                  navigate={[Function]}
                  onClick={[Function]}
                >
                  <a
                    className="menu__list-link"
                    href="#/"
                    onClick={[Function]}
                  >
                    Empresas
                  </a>
                </LinkAnchor>
              </Link>
            </li>
            <li
              className="menu__list-item"
              key="5"
            >
              <Link
                className="menu__list-link"
                onClick={[Function]}
                to="/"
              >
                <LinkAnchor
                  className="menu__list-link"
                  href="#/"
                  navigate={[Function]}
                  onClick={[Function]}
                >
                  <a
                    className="menu__list-link"
                    href="#/"
                    onClick={[Function]}
                  >
                    Colombia
                  </a>
                </LinkAnchor>
              </Link>
            </li>
            <li
              className="menu__list-item"
              key="6"
            >
              <Link
                className="menu__list-link"
                onClick={[Function]}
                to="/"
              >
                <LinkAnchor
                  className="menu__list-link"
                  href="#/"
                  navigate={[Function]}
                  onClick={[Function]}
                >
                  <a
                    className="menu__list-link"
                    href="#/"
                    onClick={[Function]}
                  >
                    Internacionales
                  </a>
                </LinkAnchor>
              </Link>
            </li>
            <li
              className="menu__list-item"
              key="7"
            >
              <Link
                className="menu__list-link"
                onClick={[Function]}
                to="/"
              >
                <LinkAnchor
                  className="menu__list-link"
                  href="#/"
                  navigate={[Function]}
                  onClick={[Function]}
                >
                  <a
                    className="menu__list-link"
                    href="#/"
                    onClick={[Function]}
                  >
                    Tecnología
                  </a>
                </LinkAnchor>
              </Link>
            </li>
            <li
              className="menu__list-item"
              key="8"
            >
              <Link
                className="menu__list-link"
                onClick={[Function]}
                to="/"
              >
                <LinkAnchor
                  className="menu__list-link"
                  href="#/"
                  navigate={[Function]}
                  onClick={[Function]}
                >
                  <a
                    className="menu__list-link"
                    href="#/"
                    onClick={[Function]}
                  >
                    Gestión
                  </a>
                </LinkAnchor>
              </Link>
            </li>
            <li
              className="menu__list-item"
              key="9"
            >
              <Link
                className="menu__list-link"
                onClick={[Function]}
                to="/"
              >
                <LinkAnchor
                  className="menu__list-link"
                  href="#/"
                  navigate={[Function]}
                  onClick={[Function]}
                >
                  <a
                    className="menu__list-link"
                    href="#/"
                    onClick={[Function]}
                  >
                    Deportes
                  </a>
                </LinkAnchor>
              </Link>
            </li>
            <li
              className="menu__list-item"
              key="10"
            >
              <Link
                className="menu__list-link"
                onClick={[Function]}
                to="/"
              >
                <LinkAnchor
                  className="menu__list-link"
                  href="#/"
                  navigate={[Function]}
                  onClick={[Function]}
                >
                  <a
                    className="menu__list-link"
                    href="#/"
                    onClick={[Function]}
                  >
                    Judicial
                  </a>
                </LinkAnchor>
              </Link>
            </li>
            <li
              className="menu__list-item"
              key="11"
            >
              <Link
                className="menu__list-link"
                onClick={[Function]}
                to="/"
              >
                <LinkAnchor
                  className="menu__list-link"
                  href="#/"
                  navigate={[Function]}
                  onClick={[Function]}
                >
                  <a
                    className="menu__list-link"
                    href="#/"
                    onClick={[Function]}
                  >
                    Entretenimiento
                  </a>
                </LinkAnchor>
              </Link>
            </li>
            <li
              className="menu__list-item"
              key="12"
            >
              <Link
                className="menu__list-link"
                onClick={[Function]}
                to="/"
              >
                <LinkAnchor
                  className="menu__list-link"
                  href="#/"
                  navigate={[Function]}
                  onClick={[Function]}
                >
                  <a
                    className="menu__list-link"
                    href="#/"
                    onClick={[Function]}
                  >
                    Economía
                  </a>
                </LinkAnchor>
              </Link>
            </li>
            <li
              className="menu__list-item"
              key="13"
            >
              <Link
                className="menu__list-link"
                onClick={[Function]}
                to="/"
              >
                <LinkAnchor
                  className="menu__list-link"
                  href="#/"
                  navigate={[Function]}
                  onClick={[Function]}
                >
                  <a
                    className="menu__list-link"
                    href="#/"
                    onClick={[Function]}
                  >
                    Arte e ideas
                  </a>
                </LinkAnchor>
              </Link>
            </li>
            <li
              className="menu__list-item"
              key="14"
            >
              <Link
                className="menu__list-link"
                onClick={[Function]}
                to="/"
              >
                <LinkAnchor
                  className="menu__list-link"
                  href="#/"
                  navigate={[Function]}
                  onClick={[Function]}
                >
                  <a
                    className="menu__list-link"
                    href="#/"
                    onClick={[Function]}
                  >
                    Política
                  </a>
                </LinkAnchor>
              </Link>
            </li>
            <li
              className="menu__list-item"
              key="15"
            >
              <Link
                className="menu__list-link"
                onClick={[Function]}
                to="/"
              >
                <LinkAnchor
                  className="menu__list-link"
                  href="#/"
                  navigate={[Function]}
                  onClick={[Function]}
                >
                  <a
                    className="menu__list-link"
                    href="#/"
                    onClick={[Function]}
                  >
                    Viral
                  </a>
                </LinkAnchor>
              </Link>
            </li>
            <li
              className="menu__list-item"
              key="16"
            >
              <Link
                className="menu__list-link"
                onClick={[Function]}
                to="/"
              >
                <LinkAnchor
                  className="menu__list-link"
                  href="#/"
                  navigate={[Function]}
                  onClick={[Function]}
                >
                  <a
                    className="menu__list-link"
                    href="#/"
                    onClick={[Function]}
                  >
                    Santander
                  </a>
                </LinkAnchor>
              </Link>
            </li>
            <li
              className="menu__list-item"
              key="17"
            >
              <Link
                className="menu__list-link"
                onClick={[Function]}
                to="/"
              >
                <LinkAnchor
                  className="menu__list-link"
                  href="#/"
                  navigate={[Function]}
                  onClick={[Function]}
                >
                  <a
                    className="menu__list-link"
                    href="#/"
                    onClick={[Function]}
                  >
                    Actualidad
                  </a>
                </LinkAnchor>
              </Link>
            </li>
            <li
              className="menu__list-item"
              key="18"
            >
              <Link
                className="menu__list-link"
                onClick={[Function]}
                to="/"
              >
                <LinkAnchor
                  className="menu__list-link"
                  href="#/"
                  navigate={[Function]}
                  onClick={[Function]}
                >
                  <a
                    className="menu__list-link"
                    href="#/"
                    onClick={[Function]}
                  >
                    Autos
                  </a>
                </LinkAnchor>
              </Link>
            </li>
            <li
              className="menu__list-item"
              key="19"
            >
              <Link
                className="menu__list-link"
                onClick={[Function]}
                to="/"
              >
                <LinkAnchor
                  className="menu__list-link"
                  href="#/"
                  navigate={[Function]}
                  onClick={[Function]}
                >
                  <a
                    className="menu__list-link"
                    href="#/"
                    onClick={[Function]}
                  >
                    Mercados
                  </a>
                </LinkAnchor>
              </Link>
            </li>
          </ul>
        </div>
      </Menu>
    </Router>
  </HashRouter>
</ContextProvider>
`;
