// Jest Snapshot v1, https://goo.gl/fbAQLP

exports[`<Search /> matches the snap shot 1`] = `
<Search>
  <div>
    <div
      className="searchformOff slide_search-left searchform"
    >
      <input
        name="search"
        type="search"
      />
    </div>
    <a
      className="search"
      href="#"
      onClick={[Function]}
    >
      <i
        className="fa fa-search fa-2x"
      />
    </a>
  </div>
</Search>
`;
